// Jest Snapshot v1, https://goo.gl/fbAQLP

exports[`HelloWorldComponent matches snapshot 1`] = `
.emotion-0 {
  padding: 1em;
}

<div>
  <div
    class="hello-world emotion-0"
    data-test-id="hello-world"
  >
    hello world
  </div>
</div>
`;
